src/components/ui/sidebar.tsx(8,29): error TS2307: Cannot find module '@/hooks/use-mobile' or its corresponding type declarations.
